Component: Arm Compiler for Embedded 6.19 Tool: armlink [5e73cb00]

==============================================================================

Small function inlining results

Inlined function __aeabi_idiv0 from idiv0.o at offset 0x160 in aeabi_sdiv.o(.text).
Inlined Instruction: BX       lr
Inlined function __aeabi_idiv0 from idiv0.o at offset 0xc in aeabi_sdiv_div0.o(.text).
Inlined Instruction: BX       lr
Inlined function __aeabi_idiv0 from idiv0.o at offset 0x176 in aeabi_sdiv_div0.o(.text).
Inlined Instruction: BX       lr
Inlined function __aeabi_idiv0 from idiv0.o at offset 0x18 in uidiv_div0.o(.text).
Inlined Instruction: BX       lr
Inlined function __aeabi_idiv0 from idiv0.o at offset 0x42 in idiv_div0.o(.text).
Inlined Instruction: BX       lr
Inlined total of 5 calls.

==============================================================================

Section Cross References

    system_m261.o(.text.SystemCoreClockUpdate) refers to clk.o(.text.CLK_GetPLLClockFreq) for CLK_GetPLLClockFreq
    system_m261.o(.text.SystemCoreClockUpdate) refers to clk.o(.text.CLK_GetCPUFreq) for CLK_GetCPUFreq
    system_m261.o(.text.SystemCoreClockUpdate) refers to system_m261.o(.data.PllClock) for PllClock
    system_m261.o(.text.SystemCoreClockUpdate) refers to system_m261.o(.data.SystemCoreClock) for SystemCoreClock
    system_m261.o(.text.SystemCoreClockUpdate) refers to system_m261.o(.data.CyclesPerUs) for CyclesPerUs
    system_m261.o(.ARM.exidx.text.SystemCoreClockUpdate) refers to system_m261.o(.text.SystemCoreClockUpdate) for [Anonymous Symbol]
    system_m261.o(.text.SystemInit) refers to startup_m261.o(RESET) for __Vectors
    system_m261.o(.ARM.exidx.text.SystemInit) refers to system_m261.o(.text.SystemInit) for [Anonymous Symbol]
    startup_m261.o(RESET) refers to startup_m261.o(STACK) for __initial_sp
    startup_m261.o(RESET) refers to startup_m261.o(.text) for Reset_Handler
    startup_m261.o(.text) refers to system_m261.o(.text.SystemInit) for SystemInit
    startup_m261.o(.text) refers to entry.o(.ARM.Collect$$$$00000000) for __main
    startup_m261.o(.text) refers to retarget.o(.text.ProcessHardFault) for ProcessHardFault
    startup_m261.o(.text) refers to retarget.o(.text.SH_Return) for SH_Return
    main.o(.text.SYS_Init) refers to clk.o(.text.CLK_EnableXtalRC) for CLK_EnableXtalRC
    main.o(.text.SYS_Init) refers to clk.o(.text.CLK_WaitClockReady) for CLK_WaitClockReady
    main.o(.text.SYS_Init) refers to clk.o(.text.CLK_SetHCLK) for CLK_SetHCLK
    main.o(.text.SYS_Init) refers to clk.o(.text.CLK_EnableModuleClock) for CLK_EnableModuleClock
    main.o(.text.SYS_Init) refers to clk.o(.text.CLK_SetModuleClock) for CLK_SetModuleClock
    main.o(.ARM.exidx.text.SYS_Init) refers to main.o(.text.SYS_Init) for [Anonymous Symbol]
    main.o(.text.UART0_Init) refers to sys.o(.text.SYS_ResetModule) for SYS_ResetModule
    main.o(.text.UART0_Init) refers to uart.o(.text.UART_Open) for UART_Open
    main.o(.ARM.exidx.text.UART0_Init) refers to main.o(.text.UART0_Init) for [Anonymous Symbol]
    main.o(.text.main) refers to main.o(.text.SYS_UnlockReg) for SYS_UnlockReg
    main.o(.text.main) refers to main.o(.text.SYS_Init) for SYS_Init
    main.o(.text.main) refers to main.o(.text.SYS_LockReg) for SYS_LockReg
    main.o(.text.main) refers to main.o(.text.UART0_Init) for UART0_Init
    main.o(.text.main) refers to printfa.o(i.__0printf) for printf
    main.o(.text.main) refers to gpio.o(.text.GPIO_SetMode) for GPIO_SetMode
    main.o(.text.main) refers to main.o(.text.CLK_SysTickLongDelay) for CLK_SysTickLongDelay
    main.o(.text.main) refers to system_m261.o(.data.SystemCoreClock) for SystemCoreClock
    main.o(.text.main) refers to main.o(.rodata.str1.1) for [Anonymous Symbol]
    main.o(.ARM.exidx.text.main) refers to main.o(.text.main) for [Anonymous Symbol]
    main.o(.ARM.exidx.text.SYS_UnlockReg) refers to main.o(.text.SYS_UnlockReg) for [Anonymous Symbol]
    main.o(.ARM.exidx.text.SYS_LockReg) refers to main.o(.text.SYS_LockReg) for [Anonymous Symbol]
    main.o(.text.CLK_SysTickLongDelay) refers to system_m261.o(.data.CyclesPerUs) for CyclesPerUs
    main.o(.ARM.exidx.text.CLK_SysTickLongDelay) refers to main.o(.text.CLK_SysTickLongDelay) for [Anonymous Symbol]
    gpio.o(.ARM.exidx.text.GPIO_SetMode) refers to gpio.o(.text.GPIO_SetMode) for [Anonymous Symbol]
    gpio.o(.ARM.exidx.text.GPIO_EnableInt) refers to gpio.o(.text.GPIO_EnableInt) for [Anonymous Symbol]
    gpio.o(.ARM.exidx.text.GPIO_DisableInt) refers to gpio.o(.text.GPIO_DisableInt) for [Anonymous Symbol]
    gpio.o(.ARM.exidx.text.GPIO_SetSlewCtl) refers to gpio.o(.text.GPIO_SetSlewCtl) for [Anonymous Symbol]
    gpio.o(.ARM.exidx.text.GPIO_SetPullCtl) refers to gpio.o(.text.GPIO_SetPullCtl) for [Anonymous Symbol]
    retarget.o(.text.ProcessHardFault) refers to printfa.o(i.__0printf) for printf
    retarget.o(.text.ProcessHardFault) refers to retarget.o(.rodata.str1.1) for [Anonymous Symbol]
    retarget.o(.ARM.exidx.text.ProcessHardFault) refers to retarget.o(.text.ProcessHardFault) for [Anonymous Symbol]
    retarget.o(.ARM.exidx.text.SH_Return) refers to retarget.o(.text.SH_Return) for [Anonymous Symbol]
    retarget.o(.ARM.exidx.text.SendChar_ToUART) refers to retarget.o(.text.SendChar_ToUART) for [Anonymous Symbol]
    retarget.o(.text.SendChar) refers to retarget.o(.text.SendChar_ToUART) for SendChar_ToUART
    retarget.o(.ARM.exidx.text.SendChar) refers to retarget.o(.text.SendChar) for [Anonymous Symbol]
    retarget.o(.ARM.exidx.text.GetChar) refers to retarget.o(.text.GetChar) for [Anonymous Symbol]
    retarget.o(.ARM.exidx.text.kbhit) refers to retarget.o(.text.kbhit) for [Anonymous Symbol]
    retarget.o(.ARM.exidx.text.IsDebugFifoEmpty) refers to retarget.o(.text.IsDebugFifoEmpty) for [Anonymous Symbol]
    retarget.o(.text._ttywrch) refers to retarget.o(.text.SendChar) for SendChar
    retarget.o(.ARM.exidx.text._ttywrch) refers to retarget.o(.text._ttywrch) for [Anonymous Symbol]
    retarget.o(.text.fputc) refers to retarget.o(.text.SendChar) for SendChar
    retarget.o(.ARM.exidx.text.fputc) refers to retarget.o(.text.fputc) for [Anonymous Symbol]
    retarget.o(.text.fgetc) refers to retarget.o(.text.GetChar) for GetChar
    retarget.o(.ARM.exidx.text.fgetc) refers to retarget.o(.text.fgetc) for [Anonymous Symbol]
    retarget.o(.ARM.exidx.text.ferror) refers to retarget.o(.text.ferror) for [Anonymous Symbol]
    uart.o(.ARM.exidx.text.UART_ClearIntFlag) refers to uart.o(.text.UART_ClearIntFlag) for [Anonymous Symbol]
    uart.o(.ARM.exidx.text.UART_Close) refers to uart.o(.text.UART_Close) for [Anonymous Symbol]
    uart.o(.ARM.exidx.text.UART_DisableFlowCtrl) refers to uart.o(.text.UART_DisableFlowCtrl) for [Anonymous Symbol]
    uart.o(.text.UART_DisableInt) refers to uart.o(.text.__NVIC_DisableIRQ) for __NVIC_DisableIRQ
    uart.o(.ARM.exidx.text.UART_DisableInt) refers to uart.o(.text.UART_DisableInt) for [Anonymous Symbol]
    uart.o(.ARM.exidx.text.__NVIC_DisableIRQ) refers to uart.o(.text.__NVIC_DisableIRQ) for [Anonymous Symbol]
    uart.o(.ARM.exidx.text.UART_EnableFlowCtrl) refers to uart.o(.text.UART_EnableFlowCtrl) for [Anonymous Symbol]
    uart.o(.text.UART_EnableInt) refers to uart.o(.text.__NVIC_EnableIRQ) for __NVIC_EnableIRQ
    uart.o(.ARM.exidx.text.UART_EnableInt) refers to uart.o(.text.UART_EnableInt) for [Anonymous Symbol]
    uart.o(.ARM.exidx.text.__NVIC_EnableIRQ) refers to uart.o(.text.__NVIC_EnableIRQ) for [Anonymous Symbol]
    uart.o(.text.UART_Open) refers to clk.o(.text.CLK_GetModuleClockSource) for CLK_GetModuleClockSource
    uart.o(.text.UART_Open) refers to clk.o(.text.CLK_GetModuleClockDivider) for CLK_GetModuleClockDivider
    uart.o(.text.UART_Open) refers to clk.o(.text.CLK_GetPLLClockFreq) for CLK_GetPLLClockFreq
    uart.o(.ARM.exidx.text.UART_Open) refers to uart.o(.text.UART_Open) for [Anonymous Symbol]
    uart.o(.ARM.exidx.text.UART_Read) refers to uart.o(.text.UART_Read) for [Anonymous Symbol]
    uart.o(.text.UART_SetLineConfig) refers to clk.o(.text.CLK_GetModuleClockSource) for CLK_GetModuleClockSource
    uart.o(.text.UART_SetLineConfig) refers to clk.o(.text.CLK_GetModuleClockDivider) for CLK_GetModuleClockDivider
    uart.o(.text.UART_SetLineConfig) refers to clk.o(.text.CLK_GetPLLClockFreq) for CLK_GetPLLClockFreq
    uart.o(.ARM.exidx.text.UART_SetLineConfig) refers to uart.o(.text.UART_SetLineConfig) for [Anonymous Symbol]
    uart.o(.ARM.exidx.text.UART_SetTimeoutCnt) refers to uart.o(.text.UART_SetTimeoutCnt) for [Anonymous Symbol]
    uart.o(.text.UART_SelectIrDAMode) refers to clk.o(.text.CLK_GetModuleClockSource) for CLK_GetModuleClockSource
    uart.o(.text.UART_SelectIrDAMode) refers to clk.o(.text.CLK_GetModuleClockDivider) for CLK_GetModuleClockDivider
    uart.o(.text.UART_SelectIrDAMode) refers to clk.o(.text.CLK_GetPLLClockFreq) for CLK_GetPLLClockFreq
    uart.o(.ARM.exidx.text.UART_SelectIrDAMode) refers to uart.o(.text.UART_SelectIrDAMode) for [Anonymous Symbol]
    uart.o(.ARM.exidx.text.UART_SelectRS485Mode) refers to uart.o(.text.UART_SelectRS485Mode) for [Anonymous Symbol]
    uart.o(.ARM.exidx.text.UART_SelectLINMode) refers to uart.o(.text.UART_SelectLINMode) for [Anonymous Symbol]
    uart.o(.ARM.exidx.text.UART_Write) refers to uart.o(.text.UART_Write) for [Anonymous Symbol]
    clk.o(.ARM.exidx.text.CLK_DisableCKO) refers to clk.o(.text.CLK_DisableCKO) for [Anonymous Symbol]
    clk.o(.ARM.exidx.text.CLK_EnableCKO) refers to clk.o(.text.CLK_EnableCKO) for [Anonymous Symbol]
    clk.o(.ARM.exidx.text.CLK_PowerDown) refers to clk.o(.text.CLK_PowerDown) for [Anonymous Symbol]
    clk.o(.ARM.exidx.text.CLK_Idle) refers to clk.o(.text.CLK_Idle) for [Anonymous Symbol]
    clk.o(.ARM.exidx.text.CLK_GetHXTFreq) refers to clk.o(.text.CLK_GetHXTFreq) for [Anonymous Symbol]
    clk.o(.ARM.exidx.text.CLK_GetLXTFreq) refers to clk.o(.text.CLK_GetLXTFreq) for [Anonymous Symbol]
    clk.o(.text.CLK_GetHCLKFreq) refers to system_m261.o(.text.SystemCoreClockUpdate) for SystemCoreClockUpdate
    clk.o(.text.CLK_GetHCLKFreq) refers to system_m261.o(.data.SystemCoreClock) for SystemCoreClock
    clk.o(.ARM.exidx.text.CLK_GetHCLKFreq) refers to clk.o(.text.CLK_GetHCLKFreq) for [Anonymous Symbol]
    clk.o(.text.CLK_GetPCLK0Freq) refers to system_m261.o(.text.SystemCoreClockUpdate) for SystemCoreClockUpdate
    clk.o(.text.CLK_GetPCLK0Freq) refers to system_m261.o(.data.SystemCoreClock) for SystemCoreClock
    clk.o(.ARM.exidx.text.CLK_GetPCLK0Freq) refers to clk.o(.text.CLK_GetPCLK0Freq) for [Anonymous Symbol]
    clk.o(.text.CLK_GetPCLK1Freq) refers to system_m261.o(.text.SystemCoreClockUpdate) for SystemCoreClockUpdate
    clk.o(.text.CLK_GetPCLK1Freq) refers to system_m261.o(.data.SystemCoreClock) for SystemCoreClock
    clk.o(.ARM.exidx.text.CLK_GetPCLK1Freq) refers to clk.o(.text.CLK_GetPCLK1Freq) for [Anonymous Symbol]
    clk.o(.text.CLK_GetCPUFreq) refers to clk.o(.rodata.cst32) for [Anonymous Symbol]
    clk.o(.text.CLK_GetCPUFreq) refers to system_m261.o(.data.PllClock) for PllClock
    clk.o(.text.CLK_GetCPUFreq) refers to system_m261.o(.data.SystemCoreClock) for SystemCoreClock
    clk.o(.text.CLK_GetCPUFreq) refers to system_m261.o(.data.CyclesPerUs) for CyclesPerUs
    clk.o(.ARM.exidx.text.CLK_GetCPUFreq) refers to clk.o(.text.CLK_GetCPUFreq) for [Anonymous Symbol]
    clk.o(.text.CLK_SetCoreClock) refers to clk.o(.text.CLK_WaitClockReady) for CLK_WaitClockReady
    clk.o(.text.CLK_SetCoreClock) refers to clk.o(.text.CLK_EnablePLL) for CLK_EnablePLL
    clk.o(.text.CLK_SetCoreClock) refers to clk.o(.text.CLK_SetHCLK) for CLK_SetHCLK
    clk.o(.ARM.exidx.text.CLK_SetCoreClock) refers to clk.o(.text.CLK_SetCoreClock) for [Anonymous Symbol]
    clk.o(.text.CLK_WaitClockReady) refers to system_m261.o(.data.SystemCoreClock) for SystemCoreClock
    clk.o(.ARM.exidx.text.CLK_WaitClockReady) refers to clk.o(.text.CLK_WaitClockReady) for [Anonymous Symbol]
    clk.o(.text.CLK_EnablePLL) refers to clk.o(.text.CLK_WaitClockReady) for CLK_WaitClockReady
    clk.o(.ARM.exidx.text.CLK_EnablePLL) refers to clk.o(.text.CLK_EnablePLL) for [Anonymous Symbol]
    clk.o(.text.CLK_SetHCLK) refers to clk.o(.text.CLK_WaitClockReady) for CLK_WaitClockReady
    clk.o(.text.CLK_SetHCLK) refers to system_m261.o(.text.SystemCoreClockUpdate) for SystemCoreClockUpdate
    clk.o(.ARM.exidx.text.CLK_SetHCLK) refers to clk.o(.text.CLK_SetHCLK) for [Anonymous Symbol]
    clk.o(.ARM.exidx.text.CLK_SetModuleClock) refers to clk.o(.text.CLK_SetModuleClock) for [Anonymous Symbol]
    clk.o(.ARM.exidx.text.CLK_SetSysTickClockSrc) refers to clk.o(.text.CLK_SetSysTickClockSrc) for [Anonymous Symbol]
    clk.o(.ARM.exidx.text.CLK_EnableXtalRC) refers to clk.o(.text.CLK_EnableXtalRC) for [Anonymous Symbol]
    clk.o(.ARM.exidx.text.CLK_DisableXtalRC) refers to clk.o(.text.CLK_DisableXtalRC) for [Anonymous Symbol]
    clk.o(.ARM.exidx.text.CLK_EnableModuleClock) refers to clk.o(.text.CLK_EnableModuleClock) for [Anonymous Symbol]
    clk.o(.ARM.exidx.text.CLK_DisableModuleClock) refers to clk.o(.text.CLK_DisableModuleClock) for [Anonymous Symbol]
    clk.o(.ARM.exidx.text.CLK_DisablePLL) refers to clk.o(.text.CLK_DisablePLL) for [Anonymous Symbol]
    clk.o(.ARM.exidx.text.CLK_EnableSysTick) refers to clk.o(.text.CLK_EnableSysTick) for [Anonymous Symbol]
    clk.o(.ARM.exidx.text.CLK_DisableSysTick) refers to clk.o(.text.CLK_DisableSysTick) for [Anonymous Symbol]
    clk.o(.ARM.exidx.text.CLK_SetPowerDownMode) refers to clk.o(.text.CLK_SetPowerDownMode) for [Anonymous Symbol]
    clk.o(.ARM.exidx.text.CLK_EnableDPDWKPin) refers to clk.o(.text.CLK_EnableDPDWKPin) for [Anonymous Symbol]
    clk.o(.ARM.exidx.text.CLK_GetPMUWKSrc) refers to clk.o(.text.CLK_GetPMUWKSrc) for [Anonymous Symbol]
    clk.o(.ARM.exidx.text.CLK_EnableSPDWKPin) refers to clk.o(.text.CLK_EnableSPDWKPin) for [Anonymous Symbol]
    clk.o(.ARM.exidx.text.CLK_GetPLLClockFreq) refers to clk.o(.text.CLK_GetPLLClockFreq) for [Anonymous Symbol]
    clk.o(.ARM.exidx.text.CLK_GetModuleClockSource) refers to clk.o(.text.CLK_GetModuleClockSource) for [Anonymous Symbol]
    clk.o(.ARM.exidx.text.CLK_GetModuleClockDivider) refers to clk.o(.text.CLK_GetModuleClockDivider) for [Anonymous Symbol]
    sys.o(.ARM.exidx.text.SYS_ClearResetSrc) refers to sys.o(.text.SYS_ClearResetSrc) for [Anonymous Symbol]
    sys.o(.ARM.exidx.text.SYS_GetBODStatus) refers to sys.o(.text.SYS_GetBODStatus) for [Anonymous Symbol]
    sys.o(.ARM.exidx.text.SYS_GetResetSrc) refers to sys.o(.text.SYS_GetResetSrc) for [Anonymous Symbol]
    sys.o(.ARM.exidx.text.SYS_IsRegLocked) refers to sys.o(.text.SYS_IsRegLocked) for [Anonymous Symbol]
    sys.o(.ARM.exidx.text.SYS_ReadPDID) refers to sys.o(.text.SYS_ReadPDID) for [Anonymous Symbol]
    sys.o(.ARM.exidx.text.SYS_ResetChip) refers to sys.o(.text.SYS_ResetChip) for [Anonymous Symbol]
    sys.o(.ARM.exidx.text.SYS_ResetCPU) refers to sys.o(.text.SYS_ResetCPU) for [Anonymous Symbol]
    sys.o(.ARM.exidx.text.SYS_ResetModule) refers to sys.o(.text.SYS_ResetModule) for [Anonymous Symbol]
    sys.o(.ARM.exidx.text.SYS_EnableBOD) refers to sys.o(.text.SYS_EnableBOD) for [Anonymous Symbol]
    sys.o(.ARM.exidx.text.SYS_DisableBOD) refers to sys.o(.text.SYS_DisableBOD) for [Anonymous Symbol]
    sys.o(.ARM.exidx.text.SYS_SetPowerLevel) refers to sys.o(.text.SYS_SetPowerLevel) for [Anonymous Symbol]
    sys.o(.ARM.exidx.text.SYS_SetPowerRegulator) refers to sys.o(.text.SYS_SetPowerRegulator) for [Anonymous Symbol]
    sys.o(.ARM.exidx.text.SYS_SetSSRAMPowerMode) refers to sys.o(.text.SYS_SetSSRAMPowerMode) for [Anonymous Symbol]
    sys.o(.ARM.exidx.text.SYS_SetPSRAMPowerMode) refers to sys.o(.text.SYS_SetPSRAMPowerMode) for [Anonymous Symbol]
    sys.o(.ARM.exidx.text.SYS_SetVRef) refers to sys.o(.text.SYS_SetVRef) for [Anonymous Symbol]
    ads8353.o(.ARM.exidx.text.ads8353_init) refers to ads8353.o(.text.ads8353_init) for [Anonymous Symbol]
    ads8353.o(.ARM.exidx.text.ads8353_write_reg) refers to ads8353.o(.text.ads8353_write_reg) for [Anonymous Symbol]
    ads8353.o(.ARM.exidx.text.ads8353_read_adc) refers to ads8353.o(.text.ads8353_read_adc) for [Anonymous Symbol]
    entry.o(.ARM.Collect$$$$00000000) refers (Special) to entry10a.o(.ARM.Collect$$$$0000000D) for __rt_final_cpp
    entry.o(.ARM.Collect$$$$00000000) refers (Special) to entry11a.o(.ARM.Collect$$$$0000000F) for __rt_final_exit
    entry.o(.ARM.Collect$$$$00000000) refers (Special) to entry7b.o(.ARM.Collect$$$$00000008) for _main_clock
    entry.o(.ARM.Collect$$$$00000000) refers (Special) to entry8b.o(.ARM.Collect$$$$0000000A) for _main_cpp_init
    entry.o(.ARM.Collect$$$$00000000) refers (Special) to entry9a.o(.ARM.Collect$$$$0000000B) for _main_init
    entry.o(.ARM.Collect$$$$00000000) refers (Special) to entry5.o(.ARM.Collect$$$$00000004) for _main_scatterload
    entry.o(.ARM.Collect$$$$00000000) refers (Special) to entry2.o(.ARM.Collect$$$$00000001) for _main_stk
    printfa.o(i.__0fprintf) refers (Special) to iusefp.o(.text) for __I$use$fp
    printfa.o(i.__0fprintf) refers to printfa.o(i._printf_core) for _printf_core
    printfa.o(i.__0fprintf) refers to retarget.o(.text.fputc) for fputc
    printfa.o(i.__0printf) refers (Special) to iusefp.o(.text) for __I$use$fp
    printfa.o(i.__0printf) refers to printfa.o(i._printf_core) for _printf_core
    printfa.o(i.__0printf) refers to retarget.o(.text.fputc) for fputc
    printfa.o(i.__0printf) refers to retarget.o(.bss.__stdout) for __stdout
    printfa.o(i.__0snprintf) refers (Special) to iusefp.o(.text) for __I$use$fp
    printfa.o(i.__0snprintf) refers to printfa.o(i._printf_core) for _printf_core
    printfa.o(i.__0snprintf) refers to printfa.o(i._snputc) for _snputc
    printfa.o(i.__0sprintf) refers (Special) to iusefp.o(.text) for __I$use$fp
    printfa.o(i.__0sprintf) refers to printfa.o(i._printf_core) for _printf_core
    printfa.o(i.__0sprintf) refers to printfa.o(i._sputc) for _sputc
    printfa.o(i.__0vfprintf) refers (Special) to iusefp.o(.text) for __I$use$fp
    printfa.o(i.__0vfprintf) refers to printfa.o(i._printf_core) for _printf_core
    printfa.o(i.__0vfprintf) refers to retarget.o(.text.fputc) for fputc
    printfa.o(i.__0vprintf) refers (Special) to iusefp.o(.text) for __I$use$fp
    printfa.o(i.__0vprintf) refers to printfa.o(i._printf_core) for _printf_core
    printfa.o(i.__0vprintf) refers to retarget.o(.text.fputc) for fputc
    printfa.o(i.__0vprintf) refers to retarget.o(.bss.__stdout) for __stdout
    printfa.o(i.__0vsnprintf) refers (Special) to iusefp.o(.text) for __I$use$fp
    printfa.o(i.__0vsnprintf) refers to printfa.o(i._printf_core) for _printf_core
    printfa.o(i.__0vsnprintf) refers to printfa.o(i._snputc) for _snputc
    printfa.o(i.__0vsprintf) refers (Special) to iusefp.o(.text) for __I$use$fp
    printfa.o(i.__0vsprintf) refers to printfa.o(i._printf_core) for _printf_core
    printfa.o(i.__0vsprintf) refers to printfa.o(i._sputc) for _sputc
    printfa.o(i._fp_digits) refers (Special) to iusefp.o(.text) for __I$use$fp
    printfa.o(i._fp_digits) refers to dmul.o(.text) for __aeabi_dmul
    printfa.o(i._fp_digits) refers to ddiv.o(.text) for __aeabi_ddiv
    printfa.o(i._fp_digits) refers to cdrcmple.o(.text) for __aeabi_cdrcmple
    printfa.o(i._fp_digits) refers to dadd.o(.text) for __aeabi_dadd
    printfa.o(i._fp_digits) refers to dfixul.o(.text) for __aeabi_d2ulz
    printfa.o(i._fp_digits) refers to uldiv.o(.text) for __aeabi_uldivmod
    printfa.o(i._printf_core) refers (Special) to iusefp.o(.text) for __I$use$fp
    printfa.o(i._printf_core) refers to printfa.o(i._printf_pre_padding) for _printf_pre_padding
    printfa.o(i._printf_core) refers to uldiv.o(.text) for __aeabi_uldivmod
    printfa.o(i._printf_core) refers to printfa.o(i._printf_post_padding) for _printf_post_padding
    printfa.o(i._printf_core) refers to printfa.o(i._fp_digits) for _fp_digits
    printfa.o(i._printf_core) refers to uidiv_div0.o(.text) for __aeabi_uidivmod
    printfa.o(i._printf_post_padding) refers (Special) to iusefp.o(.text) for __I$use$fp
    printfa.o(i._printf_pre_padding) refers (Special) to iusefp.o(.text) for __I$use$fp
    printfa.o(i._snputc) refers (Special) to iusefp.o(.text) for __I$use$fp
    printfa.o(i._sputc) refers (Special) to iusefp.o(.text) for __I$use$fp
    entry2.o(.ARM.Collect$$$$00000001) refers to entry2.o(.ARM.Collect$$$$00002712) for __lit__00000000
    entry2.o(.ARM.Collect$$$$00002712) refers to startup_m261.o(STACK) for __initial_sp
    entry2.o(__vectab_stack_and_reset_area) refers to startup_m261.o(STACK) for __initial_sp
    entry2.o(__vectab_stack_and_reset_area) refers to entry.o(.ARM.Collect$$$$00000000) for __main
    entry5.o(.ARM.Collect$$$$00000004) refers to init.o(.text) for __scatterload
    entry9a.o(.ARM.Collect$$$$0000000B) refers to main.o(.text.main) for main
    entry9b.o(.ARM.Collect$$$$0000000C) refers to main.o(.text.main) for main
    uldiv.o(.text) refers to llushr.o(.text) for __aeabi_llsr
    uldiv.o(.text) refers to llshl.o(.text) for __aeabi_llsl
    dadd.o(.text) refers (Special) to iusefp.o(.text) for __I$use$fp
    dadd.o(.text) refers to llshl.o(.text) for __aeabi_llsl
    dadd.o(.text) refers to llsshr.o(.text) for __aeabi_lasr
    dadd.o(.text) refers to depilogue.o(.text) for _double_epilogue
    dmul.o(.text) refers (Special) to iusefp.o(.text) for __I$use$fp
    dmul.o(.text) refers to depilogue.o(.text) for _double_epilogue
    ddiv.o(.text) refers (Special) to iusefp.o(.text) for __I$use$fp
    ddiv.o(.text) refers to depilogue.o(.text) for _double_round
    dfixul.o(.text) refers (Special) to iusefp.o(.text) for __I$use$fp
    dfixul.o(.text) refers to llushr.o(.text) for __aeabi_llsr
    dfixul.o(.text) refers to llshl.o(.text) for __aeabi_llsl
    cdrcmple.o(.text) refers (Special) to iusefp.o(.text) for __I$use$fp
    init.o(.text) refers to entry5.o(.ARM.Collect$$$$00000004) for __main_after_scatterload
    idiv_div0.o(.text) refers to uidiv_div0.o(.text) for __aeabi_uidivmod
    depilogue.o(.text) refers (Special) to iusefp.o(.text) for __I$use$fp
    depilogue.o(.text) refers to depilogue.o(i.__ARM_clz) for __ARM_clz
    depilogue.o(.text) refers to llshl.o(.text) for __aeabi_llsl
    depilogue.o(.text) refers to llushr.o(.text) for __aeabi_llsr
    depilogue.o(i.__ARM_clz) refers (Special) to iusefp.o(.text) for __I$use$fp


==============================================================================

Removing Unused input sections from the image.

    Removing system_m261.o(.text), (0 bytes).
    Removing system_m261.o(.ARM.exidx.text.SystemCoreClockUpdate), (8 bytes).
    Removing system_m261.o(.ARM.exidx.text.SystemInit), (8 bytes).
    Removing system_m261.o(.rodata.gau32ClkSrcTbl), (32 bytes).
    Removing startup_m261.o(HEAP), (0 bytes).
    Removing main.o(.text), (0 bytes).
    Removing main.o(.ARM.exidx.text.SYS_Init), (8 bytes).
    Removing main.o(.ARM.exidx.text.UART0_Init), (8 bytes).
    Removing main.o(.ARM.exidx.text.main), (8 bytes).
    Removing main.o(.ARM.exidx.text.SYS_UnlockReg), (8 bytes).
    Removing main.o(.ARM.exidx.text.SYS_LockReg), (8 bytes).
    Removing main.o(.ARM.exidx.text.CLK_SysTickLongDelay), (8 bytes).
    Removing main.o(.ARM.use_no_argv), (4 bytes).
    Removing gpio.o(.text), (0 bytes).
    Removing gpio.o(.ARM.exidx.text.GPIO_SetMode), (8 bytes).
    Removing gpio.o(.text.GPIO_EnableInt), (68 bytes).
    Removing gpio.o(.ARM.exidx.text.GPIO_EnableInt), (8 bytes).
    Removing gpio.o(.text.GPIO_DisableInt), (44 bytes).
    Removing gpio.o(.ARM.exidx.text.GPIO_DisableInt), (8 bytes).
    Removing gpio.o(.text.GPIO_SetSlewCtl), (74 bytes).
    Removing gpio.o(.ARM.exidx.text.GPIO_SetSlewCtl), (8 bytes).
    Removing gpio.o(.text.GPIO_SetPullCtl), (74 bytes).
    Removing gpio.o(.ARM.exidx.text.GPIO_SetPullCtl), (8 bytes).
    Removing retarget.o(.text), (0 bytes).
    Removing retarget.o(.ARM.exidx.text.ProcessHardFault), (8 bytes).
    Removing retarget.o(.ARM.exidx.text.SH_Return), (8 bytes).
    Removing retarget.o(.ARM.exidx.text.SendChar_ToUART), (8 bytes).
    Removing retarget.o(.ARM.exidx.text.SendChar), (8 bytes).
    Removing retarget.o(.text.GetChar), (32 bytes).
    Removing retarget.o(.ARM.exidx.text.GetChar), (8 bytes).
    Removing retarget.o(.text.kbhit), (20 bytes).
    Removing retarget.o(.ARM.exidx.text.kbhit), (8 bytes).
    Removing retarget.o(.text.IsDebugFifoEmpty), (20 bytes).
    Removing retarget.o(.ARM.exidx.text.IsDebugFifoEmpty), (8 bytes).
    Removing retarget.o(.text._ttywrch), (16 bytes).
    Removing retarget.o(.ARM.exidx.text._ttywrch), (8 bytes).
    Removing retarget.o(.ARM.exidx.text.fputc), (8 bytes).
    Removing retarget.o(.text.fgetc), (14 bytes).
    Removing retarget.o(.ARM.exidx.text.fgetc), (8 bytes).
    Removing retarget.o(.text.ferror), (12 bytes).
    Removing retarget.o(.ARM.exidx.text.ferror), (8 bytes).
    Removing retarget.o(.bss.__stdin), (84 bytes).
    Removing uart.o(.text), (0 bytes).
    Removing uart.o(.text.UART_ClearIntFlag), (128 bytes).
    Removing uart.o(.ARM.exidx.text.UART_ClearIntFlag), (8 bytes).
    Removing uart.o(.text.UART_Close), (14 bytes).
    Removing uart.o(.ARM.exidx.text.UART_Close), (8 bytes).
    Removing uart.o(.text.UART_DisableFlowCtrl), (20 bytes).
    Removing uart.o(.ARM.exidx.text.UART_DisableFlowCtrl), (8 bytes).
    Removing uart.o(.text.UART_DisableInt), (160 bytes).
    Removing uart.o(.ARM.exidx.text.UART_DisableInt), (8 bytes).
    Removing uart.o(.text.__NVIC_DisableIRQ), (52 bytes).
    Removing uart.o(.ARM.exidx.text.__NVIC_DisableIRQ), (8 bytes).
    Removing uart.o(.text.UART_EnableFlowCtrl), (44 bytes).
    Removing uart.o(.ARM.exidx.text.UART_EnableFlowCtrl), (8 bytes).
    Removing uart.o(.text.UART_EnableInt), (160 bytes).
    Removing uart.o(.ARM.exidx.text.UART_EnableInt), (8 bytes).
    Removing uart.o(.text.__NVIC_EnableIRQ), (44 bytes).
    Removing uart.o(.ARM.exidx.text.__NVIC_EnableIRQ), (8 bytes).
    Removing uart.o(.ARM.exidx.text.UART_Open), (8 bytes).
    Removing uart.o(.text.UART_Read), (106 bytes).
    Removing uart.o(.ARM.exidx.text.UART_Read), (8 bytes).
    Removing uart.o(.text.UART_SetLineConfig), (420 bytes).
    Removing uart.o(.ARM.exidx.text.UART_SetLineConfig), (8 bytes).
    Removing uart.o(.text.UART_SetTimeoutCnt), (38 bytes).
    Removing uart.o(.ARM.exidx.text.UART_SetTimeoutCnt), (8 bytes).
    Removing uart.o(.text.UART_SelectIrDAMode), (420 bytes).
    Removing uart.o(.ARM.exidx.text.UART_SelectIrDAMode), (8 bytes).
    Removing uart.o(.text.UART_SelectRS485Mode), (48 bytes).
    Removing uart.o(.ARM.exidx.text.UART_SelectRS485Mode), (8 bytes).
    Removing uart.o(.text.UART_SelectLINMode), (42 bytes).
    Removing uart.o(.ARM.exidx.text.UART_SelectLINMode), (8 bytes).
    Removing uart.o(.text.UART_Write), (104 bytes).
    Removing uart.o(.ARM.exidx.text.UART_Write), (8 bytes).
    Removing uart.o(.rodata.cst16), (48 bytes).
    Removing clk.o(.text), (0 bytes).
    Removing clk.o(.text.CLK_DisableCKO), (16 bytes).
    Removing clk.o(.ARM.exidx.text.CLK_DisableCKO), (8 bytes).
    Removing clk.o(.text.CLK_EnableCKO), (68 bytes).
    Removing clk.o(.ARM.exidx.text.CLK_EnableCKO), (8 bytes).
    Removing clk.o(.text.CLK_PowerDown), (32 bytes).
    Removing clk.o(.ARM.exidx.text.CLK_PowerDown), (8 bytes).
    Removing clk.o(.text.CLK_Idle), (32 bytes).
    Removing clk.o(.ARM.exidx.text.CLK_Idle), (8 bytes).
    Removing clk.o(.text.CLK_GetHXTFreq), (48 bytes).
    Removing clk.o(.ARM.exidx.text.CLK_GetHXTFreq), (8 bytes).
    Removing clk.o(.text.CLK_GetLXTFreq), (48 bytes).
    Removing clk.o(.ARM.exidx.text.CLK_GetLXTFreq), (8 bytes).
    Removing clk.o(.text.CLK_GetHCLKFreq), (16 bytes).
    Removing clk.o(.ARM.exidx.text.CLK_GetHCLKFreq), (8 bytes).
    Removing clk.o(.text.CLK_GetPCLK0Freq), (32 bytes).
    Removing clk.o(.ARM.exidx.text.CLK_GetPCLK0Freq), (8 bytes).
    Removing clk.o(.text.CLK_GetPCLK1Freq), (32 bytes).
    Removing clk.o(.ARM.exidx.text.CLK_GetPCLK1Freq), (8 bytes).
    Removing clk.o(.ARM.exidx.text.CLK_GetCPUFreq), (8 bytes).
    Removing clk.o(.text.CLK_SetCoreClock), (272 bytes).
    Removing clk.o(.ARM.exidx.text.CLK_SetCoreClock), (8 bytes).
    Removing clk.o(.ARM.exidx.text.CLK_WaitClockReady), (8 bytes).
    Removing clk.o(.text.CLK_EnablePLL), (532 bytes).
    Removing clk.o(.ARM.exidx.text.CLK_EnablePLL), (8 bytes).
    Removing clk.o(.ARM.exidx.text.CLK_SetHCLK), (8 bytes).
    Removing clk.o(.ARM.exidx.text.CLK_SetModuleClock), (8 bytes).
    Removing clk.o(.text.CLK_SetSysTickClockSrc), (28 bytes).
    Removing clk.o(.ARM.exidx.text.CLK_SetSysTickClockSrc), (8 bytes).
    Removing clk.o(.ARM.exidx.text.CLK_EnableXtalRC), (8 bytes).
    Removing clk.o(.text.CLK_DisableXtalRC), (24 bytes).
    Removing clk.o(.ARM.exidx.text.CLK_DisableXtalRC), (8 bytes).
    Removing clk.o(.ARM.exidx.text.CLK_EnableModuleClock), (8 bytes).
    Removing clk.o(.text.CLK_DisableModuleClock), (60 bytes).
    Removing clk.o(.ARM.exidx.text.CLK_DisableModuleClock), (8 bytes).
    Removing clk.o(.text.CLK_DisablePLL), (20 bytes).
    Removing clk.o(.ARM.exidx.text.CLK_DisablePLL), (8 bytes).
    Removing clk.o(.text.CLK_EnableSysTick), (100 bytes).
    Removing clk.o(.ARM.exidx.text.CLK_EnableSysTick), (8 bytes).
    Removing clk.o(.text.CLK_DisableSysTick), (12 bytes).
    Removing clk.o(.ARM.exidx.text.CLK_DisableSysTick), (8 bytes).
    Removing clk.o(.text.CLK_SetPowerDownMode), (28 bytes).
    Removing clk.o(.ARM.exidx.text.CLK_SetPowerDownMode), (8 bytes).
    Removing clk.o(.text.CLK_EnableDPDWKPin), (28 bytes).
    Removing clk.o(.ARM.exidx.text.CLK_EnableDPDWKPin), (8 bytes).
    Removing clk.o(.text.CLK_GetPMUWKSrc), (12 bytes).
    Removing clk.o(.ARM.exidx.text.CLK_GetPMUWKSrc), (8 bytes).
    Removing clk.o(.text.CLK_EnableSPDWKPin), (80 bytes).
    Removing clk.o(.ARM.exidx.text.CLK_EnableSPDWKPin), (8 bytes).
    Removing clk.o(.ARM.exidx.text.CLK_GetPLLClockFreq), (8 bytes).
    Removing clk.o(.ARM.exidx.text.CLK_GetModuleClockSource), (8 bytes).
    Removing clk.o(.ARM.exidx.text.CLK_GetModuleClockDivider), (8 bytes).
    Removing clk.o(.rodata.cst4), (8 bytes).
    Removing clk.o(.rodata.cst16), (64 bytes).
    Removing sys.o(.text), (0 bytes).
    Removing sys.o(.text.SYS_ClearResetSrc), (20 bytes).
    Removing sys.o(.ARM.exidx.text.SYS_ClearResetSrc), (8 bytes).
    Removing sys.o(.text.SYS_GetBODStatus), (16 bytes).
    Removing sys.o(.ARM.exidx.text.SYS_GetBODStatus), (8 bytes).
    Removing sys.o(.text.SYS_GetResetSrc), (12 bytes).
    Removing sys.o(.ARM.exidx.text.SYS_GetResetSrc), (8 bytes).
    Removing sys.o(.text.SYS_IsRegLocked), (20 bytes).
    Removing sys.o(.ARM.exidx.text.SYS_IsRegLocked), (8 bytes).
    Removing sys.o(.text.SYS_ReadPDID), (8 bytes).
    Removing sys.o(.ARM.exidx.text.SYS_ReadPDID), (8 bytes).
    Removing sys.o(.text.SYS_ResetChip), (16 bytes).
    Removing sys.o(.ARM.exidx.text.SYS_ResetChip), (8 bytes).
    Removing sys.o(.text.SYS_ResetCPU), (16 bytes).
    Removing sys.o(.ARM.exidx.text.SYS_ResetCPU), (8 bytes).
    Removing sys.o(.ARM.exidx.text.SYS_ResetModule), (8 bytes).
    Removing sys.o(.text.SYS_EnableBOD), (52 bytes).
    Removing sys.o(.ARM.exidx.text.SYS_EnableBOD), (8 bytes).
    Removing sys.o(.text.SYS_DisableBOD), (16 bytes).
    Removing sys.o(.ARM.exidx.text.SYS_DisableBOD), (8 bytes).
    Removing sys.o(.text.SYS_SetPowerLevel), (28 bytes).
    Removing sys.o(.ARM.exidx.text.SYS_SetPowerLevel), (8 bytes).
    Removing sys.o(.text.SYS_SetPowerRegulator), (184 bytes).
    Removing sys.o(.ARM.exidx.text.SYS_SetPowerRegulator), (8 bytes).
    Removing sys.o(.text.SYS_SetSSRAMPowerMode), (72 bytes).
    Removing sys.o(.ARM.exidx.text.SYS_SetSSRAMPowerMode), (8 bytes).
    Removing sys.o(.text.SYS_SetPSRAMPowerMode), (72 bytes).
    Removing sys.o(.ARM.exidx.text.SYS_SetPSRAMPowerMode), (8 bytes).
    Removing sys.o(.text.SYS_SetVRef), (28 bytes).
    Removing sys.o(.ARM.exidx.text.SYS_SetVRef), (8 bytes).
    Removing ads8353.o(.text), (0 bytes).
    Removing ads8353.o(.text.ads8353_init), (2 bytes).
    Removing ads8353.o(.ARM.exidx.text.ads8353_init), (8 bytes).
    Removing ads8353.o(.text.ads8353_write_reg), (24 bytes).
    Removing ads8353.o(.ARM.exidx.text.ads8353_write_reg), (8 bytes).
    Removing ads8353.o(.text.ads8353_read_adc), (28 bytes).
    Removing ads8353.o(.ARM.exidx.text.ads8353_read_adc), (8 bytes).

166 unused section(s) (total 5252 bytes) removed from the image.

==============================================================================

Image Symbol Table

    Local Symbols

    Symbol Name                              Value     Ov Type        Size  Object(Section)

    ../clib/division.s                       0x00000000   Number         0  aeabi_sdiv.o ABSOLUTE
    ../clib/division.s                       0x00000000   Number         0  aeabi_sdiv_div0.o ABSOLUTE
    ../clib/microlib/division.c              0x00000000   Number         0  uidiv.o ABSOLUTE
    ../clib/microlib/division.c              0x00000000   Number         0  uldiv.o ABSOLUTE
    ../clib/microlib/division.c              0x00000000   Number         0  uidiv_div0.o ABSOLUTE
    ../clib/microlib/division.c              0x00000000   Number         0  idiv_div0.o ABSOLUTE
    ../clib/microlib/division.c              0x00000000   Number         0  idiv0.o ABSOLUTE
    ../clib/microlib/init/entry.s            0x00000000   Number         0  entry.o ABSOLUTE
    ../clib/microlib/init/entry.s            0x00000000   Number         0  entry2.o ABSOLUTE
    ../clib/microlib/init/entry.s            0x00000000   Number         0  entry5.o ABSOLUTE
    ../clib/microlib/init/entry.s            0x00000000   Number         0  entry7a.o ABSOLUTE
    ../clib/microlib/init/entry.s            0x00000000   Number         0  entry7b.o ABSOLUTE
    ../clib/microlib/init/entry.s            0x00000000   Number         0  entry8a.o ABSOLUTE
    ../clib/microlib/init/entry.s            0x00000000   Number         0  entry8b.o ABSOLUTE
    ../clib/microlib/init/entry.s            0x00000000   Number         0  entry9a.o ABSOLUTE
    ../clib/microlib/init/entry.s            0x00000000   Number         0  entry9b.o ABSOLUTE
    ../clib/microlib/init/entry.s            0x00000000   Number         0  entry10a.o ABSOLUTE
    ../clib/microlib/init/entry.s            0x00000000   Number         0  entry10b.o ABSOLUTE
    ../clib/microlib/init/entry.s            0x00000000   Number         0  entry11a.o ABSOLUTE
    ../clib/microlib/init/entry.s            0x00000000   Number         0  entry11b.o ABSOLUTE
    ../clib/microlib/longlong.c              0x00000000   Number         0  llshl.o ABSOLUTE
    ../clib/microlib/longlong.c              0x00000000   Number         0  llushr.o ABSOLUTE
    ../clib/microlib/longlong.c              0x00000000   Number         0  llsshr.o ABSOLUTE
    ../clib/microlib/printf/printf.c         0x00000000   Number         0  printfa.o ABSOLUTE
    ../clib/microlib/stubs.s                 0x00000000   Number         0  iusefp.o ABSOLUTE
    ../fplib/microlib/fpadd.c                0x00000000   Number         0  dadd.o ABSOLUTE
    ../fplib/microlib/fpdiv.c                0x00000000   Number         0  ddiv.o ABSOLUTE
    ../fplib/microlib/fpepilogue.c           0x00000000   Number         0  depilogue.o ABSOLUTE
    ../fplib/microlib/fpfix.c                0x00000000   Number         0  dfixul.o ABSOLUTE
    ../fplib/microlib/fpmul.c                0x00000000   Number         0  dmul.o ABSOLUTE
    ..\..\..\M261BSP-master\Library\Device\Nuvoton\M261\Source\ARM\startup_M261.s 0x00000000   Number         0  startup_m261.o ABSOLUTE
    ads8353.c                                0x00000000   Number         0  ads8353.o ABSOLUTE
    cdrcmple.s                               0x00000000   Number         0  cdrcmple.o ABSOLUTE
    clk.c                                    0x00000000   Number         0  clk.o ABSOLUTE
    gpio.c                                   0x00000000   Number         0  gpio.o ABSOLUTE
    handlers.s                               0x00000000   Number         0  handlers.o ABSOLUTE
    init.s                                   0x00000000   Number         0  init.o ABSOLUTE
    main.c                                   0x00000000   Number         0  main.o ABSOLUTE
    retarget.c                               0x00000000   Number         0  retarget.o ABSOLUTE
    sys.c                                    0x00000000   Number         0  sys.o ABSOLUTE
    system_M261.c                            0x00000000   Number         0  system_m261.o ABSOLUTE
    uart.c                                   0x00000000   Number         0  uart.o ABSOLUTE
    RESET                                    0x00000000   Section      472  startup_m261.o(RESET)
    .ARM.Collect$$$$00000000                 0x000001d8   Section        0  entry.o(.ARM.Collect$$$$00000000)
    .ARM.Collect$$$$00000001                 0x000001d8   Section        4  entry2.o(.ARM.Collect$$$$00000001)
    .ARM.Collect$$$$00000004                 0x000001dc   Section        4  entry5.o(.ARM.Collect$$$$00000004)
    .ARM.Collect$$$$00000008                 0x000001e0   Section        0  entry7b.o(.ARM.Collect$$$$00000008)
    .ARM.Collect$$$$0000000A                 0x000001e0   Section        0  entry8b.o(.ARM.Collect$$$$0000000A)
    .ARM.Collect$$$$0000000B                 0x000001e0   Section        8  entry9a.o(.ARM.Collect$$$$0000000B)
    __lit__00000000                          0x000001e8   Data           4  entry2.o(.ARM.Collect$$$$00002712)
    .ARM.Collect$$$$0000000D                 0x000001e8   Section        0  entry10a.o(.ARM.Collect$$$$0000000D)
    .ARM.Collect$$$$0000000F                 0x000001e8   Section        0  entry11a.o(.ARM.Collect$$$$0000000F)
    .ARM.Collect$$$$00002712                 0x000001e8   Section        4  entry2.o(.ARM.Collect$$$$00002712)
    .text                                    0x000001ec   Section       68  startup_m261.o(.text)
    .text                                    0x00000230   Section        0  uldiv.o(.text)
    .text                                    0x00000290   Section        0  iusefp.o(.text)
    .text                                    0x00000290   Section        0  dadd.o(.text)
    .text                                    0x000003f4   Section        0  dmul.o(.text)
    .text                                    0x000004c4   Section        0  ddiv.o(.text)
    .text                                    0x000005b4   Section        0  dfixul.o(.text)
    .text                                    0x000005f4   Section       40  cdrcmple.o(.text)
    .text                                    0x0000061c   Section       36  init.o(.text)
    .text                                    0x00000640   Section        0  uidiv_div0.o(.text)
    .text                                    0x0000067e   Section        0  llshl.o(.text)
    .text                                    0x0000069e   Section        0  llushr.o(.text)
    .text                                    0x000006c0   Section        0  llsshr.o(.text)
    .text                                    0x000006e6   Section        0  depilogue.o(.text)
    [Anonymous Symbol]                       0x000007a4   Section        0  clk.o(.text.CLK_EnableModuleClock)
    __arm_cp.18_0                            0x000007d8   Number         4  clk.o(.text.CLK_EnableModuleClock)
    [Anonymous Symbol]                       0x000007dc   Section        0  clk.o(.text.CLK_EnableXtalRC)
    [Anonymous Symbol]                       0x000007f0   Section        0  clk.o(.text.CLK_GetCPUFreq)
    __arm_cp.9_0                             0x00000938   Number         4  clk.o(.text.CLK_GetCPUFreq)
    __arm_cp.9_2                             0x0000093c   Number         4  clk.o(.text.CLK_GetCPUFreq)
    __arm_cp.9_6                             0x00000940   Number         4  clk.o(.text.CLK_GetCPUFreq)
    __arm_cp.9_8                             0x00000944   Number         4  clk.o(.text.CLK_GetCPUFreq)
    __arm_cp.9_10                            0x00000948   Number         4  clk.o(.text.CLK_GetCPUFreq)
    __arm_cp.9_11                            0x0000094c   Number         4  clk.o(.text.CLK_GetCPUFreq)
    __arm_cp.9_12                            0x00000950   Number         4  clk.o(.text.CLK_GetCPUFreq)
    [Anonymous Symbol]                       0x00000954   Section        0  clk.o(.text.CLK_GetModuleClockDivider)
    [Anonymous Symbol]                       0x000009a8   Section        0  clk.o(.text.CLK_GetModuleClockSource)
    __arm_cp.28_0                            0x00000a64   Number         4  clk.o(.text.CLK_GetModuleClockSource)
    __arm_cp.28_1                            0x00000a68   Number         4  clk.o(.text.CLK_GetModuleClockSource)
    __arm_cp.28_2                            0x00000a6c   Number         4  clk.o(.text.CLK_GetModuleClockSource)
    __arm_cp.28_3                            0x00000a70   Number         4  clk.o(.text.CLK_GetModuleClockSource)
    __arm_cp.28_5                            0x00000a74   Number         4  clk.o(.text.CLK_GetModuleClockSource)
    [Anonymous Symbol]                       0x00000a78   Section        0  clk.o(.text.CLK_GetPLLClockFreq)
    __arm_cp.27_0                            0x00000b0c   Number         4  clk.o(.text.CLK_GetPLLClockFreq)
    __arm_cp.27_1                            0x00000b10   Number         4  clk.o(.text.CLK_GetPLLClockFreq)
    __arm_cp.27_2                            0x00000b14   Number         4  clk.o(.text.CLK_GetPLLClockFreq)
    __arm_cp.27_3                            0x00000b18   Number         4  clk.o(.text.CLK_GetPLLClockFreq)
    [Anonymous Symbol]                       0x00000b1c   Section        0  clk.o(.text.CLK_SetHCLK)
    __arm_cp.13_1                            0x00000ba4   Number         4  clk.o(.text.CLK_SetHCLK)
    __arm_cp.13_3                            0x00000ba8   Number         4  clk.o(.text.CLK_SetHCLK)
    [Anonymous Symbol]                       0x00000bac   Section        0  clk.o(.text.CLK_SetModuleClock)
    __arm_cp.14_0                            0x00000c48   Number         4  clk.o(.text.CLK_SetModuleClock)
    __arm_cp.14_1                            0x00000c4c   Number         4  clk.o(.text.CLK_SetModuleClock)
    CLK_SysTickLongDelay                     0x00000c51   Thumb Code   104  main.o(.text.CLK_SysTickLongDelay)
    [Anonymous Symbol]                       0x00000c50   Section        0  main.o(.text.CLK_SysTickLongDelay)
    __arm_cp.5_0                             0x00000cb8   Number         4  main.o(.text.CLK_SysTickLongDelay)
    __arm_cp.5_1                             0x00000cbc   Number         4  main.o(.text.CLK_SysTickLongDelay)
    __arm_cp.5_2                             0x00000cc0   Number         4  main.o(.text.CLK_SysTickLongDelay)
    __arm_cp.5_3                             0x00000cc4   Number         4  main.o(.text.CLK_SysTickLongDelay)
    [Anonymous Symbol]                       0x00000cc8   Section        0  clk.o(.text.CLK_WaitClockReady)
    __arm_cp.11_1                            0x00000d00   Number         4  clk.o(.text.CLK_WaitClockReady)
    [Anonymous Symbol]                       0x00000d04   Section        0  gpio.o(.text.GPIO_SetMode)
    [Anonymous Symbol]                       0x00000d50   Section        0  retarget.o(.text.ProcessHardFault)
    __arm_cp.0_0                             0x00000d9c   Number         4  retarget.o(.text.ProcessHardFault)
    [Anonymous Symbol]                       0x00000da0   Section        0  retarget.o(.text.SH_Return)
    [Anonymous Symbol]                       0x00000db0   Section        0  main.o(.text.SYS_Init)
    __arm_cp.0_0                             0x00000e64   Number         4  main.o(.text.SYS_Init)
    __arm_cp.0_1                             0x00000e68   Number         4  main.o(.text.SYS_Init)
    __arm_cp.0_2                             0x00000e6c   Number         4  main.o(.text.SYS_Init)
    __arm_cp.0_5                             0x00000e70   Number         4  main.o(.text.SYS_Init)
    __arm_cp.0_6                             0x00000e74   Number         4  main.o(.text.SYS_Init)
    SYS_LockReg                              0x00000e79   Thumb Code     8  main.o(.text.SYS_LockReg)
    [Anonymous Symbol]                       0x00000e78   Section        0  main.o(.text.SYS_LockReg)
    [Anonymous Symbol]                       0x00000e80   Section        0  sys.o(.text.SYS_ResetModule)
    __arm_cp.7_0                             0x00000ec8   Number         4  sys.o(.text.SYS_ResetModule)
    __arm_cp.7_1                             0x00000ecc   Number         4  sys.o(.text.SYS_ResetModule)
    SYS_UnlockReg                            0x00000ed1   Thumb Code    52  main.o(.text.SYS_UnlockReg)
    [Anonymous Symbol]                       0x00000ed0   Section        0  main.o(.text.SYS_UnlockReg)
    __arm_cp.3_1                             0x00000f04   Number         4  main.o(.text.SYS_UnlockReg)
    [Anonymous Symbol]                       0x00000f08   Section        0  retarget.o(.text.SendChar)
    [Anonymous Symbol]                       0x00000f18   Section        0  retarget.o(.text.SendChar_ToUART)
    __arm_cp.2_0                             0x00000f58   Number         4  retarget.o(.text.SendChar_ToUART)
    [Anonymous Symbol]                       0x00000f5c   Section        0  system_m261.o(.text.SystemCoreClockUpdate)
    __arm_cp.0_0                             0x00000f84   Number         4  system_m261.o(.text.SystemCoreClockUpdate)
    __arm_cp.0_1                             0x00000f88   Number         4  system_m261.o(.text.SystemCoreClockUpdate)
    __arm_cp.0_3                             0x00000f8c   Number         4  system_m261.o(.text.SystemCoreClockUpdate)
    __arm_cp.0_4                             0x00000f90   Number         4  system_m261.o(.text.SystemCoreClockUpdate)
    [Anonymous Symbol]                       0x00000f94   Section        0  system_m261.o(.text.SystemInit)
    __arm_cp.1_0                             0x00000f9c   Number         4  system_m261.o(.text.SystemInit)
    __arm_cp.1_1                             0x00000fa0   Number         4  system_m261.o(.text.SystemInit)
    [Anonymous Symbol]                       0x00000fa4   Section        0  main.o(.text.UART0_Init)
    __arm_cp.1_0                             0x00000fb8   Number         4  main.o(.text.UART0_Init)
    [Anonymous Symbol]                       0x00000fbc   Section        0  uart.o(.text.UART_Open)
    __arm_cp.8_0                             0x0000112c   Number         4  uart.o(.text.UART_Open)
    __arm_cp.8_1                             0x00001130   Number         4  uart.o(.text.UART_Open)
    __arm_cp.8_2                             0x00001134   Number         4  uart.o(.text.UART_Open)
    __arm_cp.8_3                             0x00001138   Number         4  uart.o(.text.UART_Open)
    __arm_cp.8_4                             0x0000113c   Number         4  uart.o(.text.UART_Open)
    __arm_cp.8_5                             0x00001140   Number         4  uart.o(.text.UART_Open)
    __arm_cp.8_6                             0x00001144   Number         4  uart.o(.text.UART_Open)
    __arm_cp.8_7                             0x00001148   Number         4  uart.o(.text.UART_Open)
    __arm_cp.8_8                             0x0000114c   Number         4  uart.o(.text.UART_Open)
    __arm_cp.8_9                             0x00001150   Number         4  uart.o(.text.UART_Open)
    __arm_cp.8_10                            0x00001154   Number         4  uart.o(.text.UART_Open)
    __arm_cp.8_11                            0x00001158   Number         4  uart.o(.text.UART_Open)
    __arm_cp.8_12                            0x0000115c   Number         4  uart.o(.text.UART_Open)
    __arm_cp.8_13                            0x00001160   Number         4  uart.o(.text.UART_Open)
    [Anonymous Symbol]                       0x00001164   Section        0  retarget.o(.text.fputc)
    [Anonymous Symbol]                       0x00001178   Section        0  main.o(.text.main)
    __arm_cp.2_0                             0x00001200   Number         4  main.o(.text.main)
    __arm_cp.2_1                             0x00001204   Number         4  main.o(.text.main)
    __arm_cp.2_2                             0x00001208   Number         4  main.o(.text.main)
    __arm_cp.2_3                             0x0000120c   Number         4  main.o(.text.main)
    __arm_cp.2_4                             0x00001210   Number         4  main.o(.text.main)
    __arm_cp.2_5                             0x00001214   Number         4  main.o(.text.main)
    __arm_cp.2_6                             0x00001218   Number         4  main.o(.text.main)
    __arm_cp.2_7                             0x0000121c   Number         4  main.o(.text.main)
    __arm_cp.2_8                             0x00001220   Number         4  main.o(.text.main)
    __arm_cp.2_9                             0x00001224   Number         4  main.o(.text.main)
    i.__0printf                              0x00001228   Section        0  printfa.o(i.__0printf)
    i.__ARM_clz                              0x00001248   Section        0  depilogue.o(i.__ARM_clz)
    i.__scatterload_copy                     0x00001276   Section       14  handlers.o(i.__scatterload_copy)
    i.__scatterload_null                     0x00001284   Section        2  handlers.o(i.__scatterload_null)
    i.__scatterload_zeroinit                 0x00001286   Section       14  handlers.o(i.__scatterload_zeroinit)
    _fp_digits                               0x00001295   Thumb Code   344  printfa.o(i._fp_digits)
    i._fp_digits                             0x00001294   Section        0  printfa.o(i._fp_digits)
    _printf_core                             0x00001409   Thumb Code  1754  printfa.o(i._printf_core)
    i._printf_core                           0x00001408   Section        0  printfa.o(i._printf_core)
    _printf_post_padding                     0x00001af5   Thumb Code    32  printfa.o(i._printf_post_padding)
    i._printf_post_padding                   0x00001af4   Section        0  printfa.o(i._printf_post_padding)
    _printf_pre_padding                      0x00001b15   Thumb Code    44  printfa.o(i._printf_pre_padding)
    i._printf_pre_padding                    0x00001b14   Section        0  printfa.o(i._printf_pre_padding)
    [Anonymous Symbol]                       0x00001b40   Section        0  clk.o(.rodata.cst32)
    [Anonymous Symbol]                       0x00001b60   Section        0  main.o(.rodata.str1.1)
    [Anonymous Symbol]                       0x00001c2d   Section        0  retarget.o(.rodata.str1.1)
    STACK                                    0x20000068   Section     2048  startup_m261.o(STACK)

    Global Symbols

    Symbol Name                              Value     Ov Type        Size  Object(Section)

    BuildAttributes$$THM_ISAv3M$S$8M$PE$A:L22$X:L11$S22$IEEE1$IW$~IW$USESV6$~STKCKD$USESV7$WCHAR32$ENUMINT$~SHL$OSPACE$ROPI$EBA8$MICROLIB$REQ8$PRES8$EABIv2 0x00000000   Number         0  anon$$obj.o ABSOLUTE
    __Vectors                                0x00000000   Data           4  startup_m261.o(RESET)
    __cpp_initialize__aeabi_                  - Undefined Weak Reference
    __cxa_finalize                            - Undefined Weak Reference
    __decompress                              - Undefined Weak Reference
    _clock_init                               - Undefined Weak Reference
    _microlib_exit                            - Undefined Weak Reference
    __Vectors_End                            0x000001d8   Data           0  startup_m261.o(RESET)
    __Vectors_Size                           0x000001d8   Number         0  startup_m261.o ABSOLUTE
    __main                                   0x000001d9   Thumb Code     0  entry.o(.ARM.Collect$$$$00000000)
    _main_stk                                0x000001d9   Thumb Code     0  entry2.o(.ARM.Collect$$$$00000001)
    _main_scatterload                        0x000001dd   Thumb Code     0  entry5.o(.ARM.Collect$$$$00000004)
    __main_after_scatterload                 0x000001e1   Thumb Code     0  entry5.o(.ARM.Collect$$$$00000004)
    _main_clock                              0x000001e1   Thumb Code     0  entry7b.o(.ARM.Collect$$$$00000008)
    _main_cpp_init                           0x000001e1   Thumb Code     0  entry8b.o(.ARM.Collect$$$$0000000A)
    _main_init                               0x000001e1   Thumb Code     0  entry9a.o(.ARM.Collect$$$$0000000B)
    __rt_final_cpp                           0x000001e9   Thumb Code     0  entry10a.o(.ARM.Collect$$$$0000000D)
    __rt_final_exit                          0x000001e9   Thumb Code     0  entry11a.o(.ARM.Collect$$$$0000000F)
    Reset_Handler                            0x000001ed   Thumb Code     8  startup_m261.o(.text)
    NMI_Handler                              0x000001f5   Thumb Code     2  startup_m261.o(.text)
    HardFault_Handler                        0x000001f7   Thumb Code    16  startup_m261.o(.text)
    SVC_Handler                              0x00000207   Thumb Code     2  startup_m261.o(.text)
    PendSV_Handler                           0x00000209   Thumb Code     2  startup_m261.o(.text)
    SysTick_Handler                          0x0000020b   Thumb Code     2  startup_m261.o(.text)
    ACMP01_IRQHandler                        0x0000020d   Thumb Code     0  startup_m261.o(.text)
    BOD_IRQHandler                           0x0000020d   Thumb Code     0  startup_m261.o(.text)
    BPWM0_IRQHandler                         0x0000020d   Thumb Code     0  startup_m261.o(.text)
    BPWM1_IRQHandler                         0x0000020d   Thumb Code     0  startup_m261.o(.text)
    BRAKE0_IRQHandler                        0x0000020d   Thumb Code     0  startup_m261.o(.text)
    BRAKE1_IRQHandler                        0x0000020d   Thumb Code     0  startup_m261.o(.text)
    CAN0_IRQHandler                          0x0000020d   Thumb Code     0  startup_m261.o(.text)
    CAN1_IRQHandler                          0x0000020d   Thumb Code     0  startup_m261.o(.text)
    CLKFAIL_IRQHandler                       0x0000020d   Thumb Code     0  startup_m261.o(.text)
    CRPT_IRQHandler                          0x0000020d   Thumb Code     0  startup_m261.o(.text)
    DAC_IRQHandler                           0x0000020d   Thumb Code     0  startup_m261.o(.text)
    DEFAULT_IRQHandler                       0x0000020d   Thumb Code     0  startup_m261.o(.text)
    EADC0_IRQHandler                         0x0000020d   Thumb Code     0  startup_m261.o(.text)
    EADC1_IRQHandler                         0x0000020d   Thumb Code     0  startup_m261.o(.text)
    EADC2_IRQHandler                         0x0000020d   Thumb Code     0  startup_m261.o(.text)
    EADC3_IRQHandler                         0x0000020d   Thumb Code     0  startup_m261.o(.text)
    ECAP0_IRQHandler                         0x0000020d   Thumb Code     0  startup_m261.o(.text)
    ECAP1_IRQHandler                         0x0000020d   Thumb Code     0  startup_m261.o(.text)
    EINT0_IRQHandler                         0x0000020d   Thumb Code     0  startup_m261.o(.text)
    EINT1_IRQHandler                         0x0000020d   Thumb Code     0  startup_m261.o(.text)
    EINT2_IRQHandler                         0x0000020d   Thumb Code     0  startup_m261.o(.text)
    EINT3_IRQHandler                         0x0000020d   Thumb Code     0  startup_m261.o(.text)
    EINT4_IRQHandler                         0x0000020d   Thumb Code     0  startup_m261.o(.text)
    EINT5_IRQHandler                         0x0000020d   Thumb Code     0  startup_m261.o(.text)
    EINT6_IRQHandler                         0x0000020d   Thumb Code     0  startup_m261.o(.text)
    EINT7_IRQHandler                         0x0000020d   Thumb Code     0  startup_m261.o(.text)
    EPWM0_P0_IRQHandler                      0x0000020d   Thumb Code     0  startup_m261.o(.text)
    EPWM0_P1_IRQHandler                      0x0000020d   Thumb Code     0  startup_m261.o(.text)
    EPWM0_P2_IRQHandler                      0x0000020d   Thumb Code     0  startup_m261.o(.text)
    EPWM1_P0_IRQHandler                      0x0000020d   Thumb Code     0  startup_m261.o(.text)
    EPWM1_P1_IRQHandler                      0x0000020d   Thumb Code     0  startup_m261.o(.text)
    EPWM1_P2_IRQHandler                      0x0000020d   Thumb Code     0  startup_m261.o(.text)
    GPA_IRQHandler                           0x0000020d   Thumb Code     0  startup_m261.o(.text)
    GPB_IRQHandler                           0x0000020d   Thumb Code     0  startup_m261.o(.text)
    GPC_IRQHandler                           0x0000020d   Thumb Code     0  startup_m261.o(.text)
    GPD_IRQHandler                           0x0000020d   Thumb Code     0  startup_m261.o(.text)
    GPE_IRQHandler                           0x0000020d   Thumb Code     0  startup_m261.o(.text)
    GPF_IRQHandler                           0x0000020d   Thumb Code     0  startup_m261.o(.text)
    GPG_IRQHandler                           0x0000020d   Thumb Code     0  startup_m261.o(.text)
    GPH_IRQHandler                           0x0000020d   Thumb Code     0  startup_m261.o(.text)
    I2C0_IRQHandler                          0x0000020d   Thumb Code     0  startup_m261.o(.text)
    I2C1_IRQHandler                          0x0000020d   Thumb Code     0  startup_m261.o(.text)
    I2C2_IRQHandler                          0x0000020d   Thumb Code     0  startup_m261.o(.text)
    I2S0_IRQHandler                          0x0000020d   Thumb Code     0  startup_m261.o(.text)
    IRC_IRQHandler                           0x0000020d   Thumb Code     0  startup_m261.o(.text)
    OPA0_IRQHandler                          0x0000020d   Thumb Code     0  startup_m261.o(.text)
    PDMA0_IRQHandler                         0x0000020d   Thumb Code     0  startup_m261.o(.text)
    PDMA1_IRQHandler                         0x0000020d   Thumb Code     0  startup_m261.o(.text)
    PWRWU_IRQHandler                         0x0000020d   Thumb Code     0  startup_m261.o(.text)
    QEI0_IRQHandler                          0x0000020d   Thumb Code     0  startup_m261.o(.text)
    QEI1_IRQHandler                          0x0000020d   Thumb Code     0  startup_m261.o(.text)
    QSPI0_IRQHandler                         0x0000020d   Thumb Code     0  startup_m261.o(.text)
    RTC_IRQHandler                           0x0000020d   Thumb Code     0  startup_m261.o(.text)
    SC0_IRQHandler                           0x0000020d   Thumb Code     0  startup_m261.o(.text)
    SC1_IRQHandler                           0x0000020d   Thumb Code     0  startup_m261.o(.text)
    SC2_IRQHandler                           0x0000020d   Thumb Code     0  startup_m261.o(.text)
    SC3_IRQHandler                           0x0000020d   Thumb Code     0  startup_m261.o(.text)
    SCU_IRQHandler                           0x0000020d   Thumb Code     0  startup_m261.o(.text)
    SDH0_IRQHandler                          0x0000020d   Thumb Code     0  startup_m261.o(.text)
    SDH1_IRQHandler                          0x0000020d   Thumb Code     0  startup_m261.o(.text)
    SPI0_IRQHandler                          0x0000020d   Thumb Code     0  startup_m261.o(.text)
    SPI1_IRQHandler                          0x0000020d   Thumb Code     0  startup_m261.o(.text)
    SPI2_IRQHandler                          0x0000020d   Thumb Code     0  startup_m261.o(.text)
    SPI3_IRQHandler                          0x0000020d   Thumb Code     0  startup_m261.o(.text)
    SRAM_IRQHandler                          0x0000020d   Thumb Code     0  startup_m261.o(.text)
    TAMPER_IRQHandler                        0x0000020d   Thumb Code     0  startup_m261.o(.text)
    TMR0_IRQHandler                          0x0000020d   Thumb Code     0  startup_m261.o(.text)
    TMR1_IRQHandler                          0x0000020d   Thumb Code     0  startup_m261.o(.text)
    TMR2_IRQHandler                          0x0000020d   Thumb Code     0  startup_m261.o(.text)
    TMR3_IRQHandler                          0x0000020d   Thumb Code     0  startup_m261.o(.text)
    TRNG_IRQHandler                          0x0000020d   Thumb Code     0  startup_m261.o(.text)
    UART0_IRQHandler                         0x0000020d   Thumb Code     0  startup_m261.o(.text)
    UART1_IRQHandler                         0x0000020d   Thumb Code     0  startup_m261.o(.text)
    UART2_IRQHandler                         0x0000020d   Thumb Code     0  startup_m261.o(.text)
    UART3_IRQHandler                         0x0000020d   Thumb Code     0  startup_m261.o(.text)
    UART4_IRQHandler                         0x0000020d   Thumb Code     0  startup_m261.o(.text)
    UART5_IRQHandler                         0x0000020d   Thumb Code     0  startup_m261.o(.text)
    USBD_IRQHandler                          0x0000020d   Thumb Code     0  startup_m261.o(.text)
    USBH_IRQHandler                          0x0000020d   Thumb Code     0  startup_m261.o(.text)
    USBOTG_IRQHandler                        0x0000020d   Thumb Code     0  startup_m261.o(.text)
    USCI0_IRQHandler                         0x0000020d   Thumb Code     0  startup_m261.o(.text)
    USCI1_IRQHandler                         0x0000020d   Thumb Code     0  startup_m261.o(.text)
    WDT_IRQHandler                           0x0000020d   Thumb Code     0  startup_m261.o(.text)
    WWDT_IRQHandler                          0x0000020d   Thumb Code     0  startup_m261.o(.text)
    SH_DoCommand                             0x00000211   Thumb Code    10  startup_m261.o(.text)
    __PC                                     0x0000021b   Thumb Code     6  startup_m261.o(.text)
    __aeabi_uldivmod                         0x00000231   Thumb Code    96  uldiv.o(.text)
    __I$use$fp                               0x00000291   Thumb Code     0  iusefp.o(.text)
    __aeabi_dadd                             0x00000291   Thumb Code   328  dadd.o(.text)
    __aeabi_dsub                             0x000003d9   Thumb Code    12  dadd.o(.text)
    __aeabi_drsub                            0x000003e5   Thumb Code    12  dadd.o(.text)
    __aeabi_dmul                             0x000003f5   Thumb Code   202  dmul.o(.text)
    __aeabi_ddiv                             0x000004c5   Thumb Code   234  ddiv.o(.text)
    __aeabi_d2ulz                            0x000005b5   Thumb Code    54  dfixul.o(.text)
    __aeabi_cdrcmple                         0x000005f5   Thumb Code    38  cdrcmple.o(.text)
    __scatterload                            0x0000061d   Thumb Code    28  init.o(.text)
    __scatterload_rt2                        0x0000061d   Thumb Code     0  init.o(.text)
    __aeabi_uidiv$div0                       0x00000641   Thumb Code     0  uidiv_div0.o(.text)
    __aeabi_uidivmod                         0x00000641   Thumb Code    62  uidiv_div0.o(.text)
    __aeabi_llsl                             0x0000067f   Thumb Code    32  llshl.o(.text)
    _ll_shift_l                              0x0000067f   Thumb Code     0  llshl.o(.text)
    __aeabi_llsr                             0x0000069f   Thumb Code    34  llushr.o(.text)
    _ll_ushift_r                             0x0000069f   Thumb Code     0  llushr.o(.text)
    __aeabi_lasr                             0x000006c1   Thumb Code    38  llsshr.o(.text)
    _ll_sshift_r                             0x000006c1   Thumb Code     0  llsshr.o(.text)
    _double_round                            0x000006e7   Thumb Code    26  depilogue.o(.text)
    _double_epilogue                         0x00000701   Thumb Code   164  depilogue.o(.text)
    CLK_EnableModuleClock                    0x000007a5   Thumb Code    52  clk.o(.text.CLK_EnableModuleClock)
    CLK_EnableXtalRC                         0x000007dd   Thumb Code    20  clk.o(.text.CLK_EnableXtalRC)
    CLK_GetCPUFreq                           0x000007f1   Thumb Code   328  clk.o(.text.CLK_GetCPUFreq)
    CLK_GetModuleClockDivider                0x00000955   Thumb Code    84  clk.o(.text.CLK_GetModuleClockDivider)
    CLK_GetModuleClockSource                 0x000009a9   Thumb Code   188  clk.o(.text.CLK_GetModuleClockSource)
    CLK_GetPLLClockFreq                      0x00000a79   Thumb Code   148  clk.o(.text.CLK_GetPLLClockFreq)
    CLK_SetHCLK                              0x00000b1d   Thumb Code   136  clk.o(.text.CLK_SetHCLK)
    CLK_SetModuleClock                       0x00000bad   Thumb Code   156  clk.o(.text.CLK_SetModuleClock)
    CLK_WaitClockReady                       0x00000cc9   Thumb Code    56  clk.o(.text.CLK_WaitClockReady)
    GPIO_SetMode                             0x00000d05   Thumb Code    74  gpio.o(.text.GPIO_SetMode)
    ProcessHardFault                         0x00000d51   Thumb Code    76  retarget.o(.text.ProcessHardFault)
    SH_Return                                0x00000da1   Thumb Code    14  retarget.o(.text.SH_Return)
    SYS_Init                                 0x00000db1   Thumb Code   180  main.o(.text.SYS_Init)
    SYS_ResetModule                          0x00000e81   Thumb Code    72  sys.o(.text.SYS_ResetModule)
    SendChar                                 0x00000f09   Thumb Code    16  retarget.o(.text.SendChar)
    SendChar_ToUART                          0x00000f19   Thumb Code    64  retarget.o(.text.SendChar_ToUART)
    SystemCoreClockUpdate                    0x00000f5d   Thumb Code    40  system_m261.o(.text.SystemCoreClockUpdate)
    SystemInit                               0x00000f95   Thumb Code     8  system_m261.o(.text.SystemInit)
    UART0_Init                               0x00000fa5   Thumb Code    20  main.o(.text.UART0_Init)
    UART_Open                                0x00000fbd   Thumb Code   368  uart.o(.text.UART_Open)
    fputc                                    0x00001165   Thumb Code    20  retarget.o(.text.fputc)
    main                                     0x00001179   Thumb Code   136  main.o(.text.main)
    __0printf                                0x00001229   Thumb Code    24  printfa.o(i.__0printf)
    __1printf                                0x00001229   Thumb Code     0  printfa.o(i.__0printf)
    __2printf                                0x00001229   Thumb Code     0  printfa.o(i.__0printf)
    __c89printf                              0x00001229   Thumb Code     0  printfa.o(i.__0printf)
    printf                                   0x00001229   Thumb Code     0  printfa.o(i.__0printf)
    __ARM_clz                                0x00001249   Thumb Code    46  depilogue.o(i.__ARM_clz)
    __scatterload_copy                       0x00001277   Thumb Code    14  handlers.o(i.__scatterload_copy)
    __scatterload_null                       0x00001285   Thumb Code     2  handlers.o(i.__scatterload_null)
    __scatterload_zeroinit                   0x00001287   Thumb Code    14  handlers.o(i.__scatterload_zeroinit)
    Region$$Table$$Base                      0x00001c3c   Number         0  anon$$obj.o(Region$$Table)
    Region$$Table$$Limit                     0x00001c5c   Number         0  anon$$obj.o(Region$$Table)
    CyclesPerUs                              0x20000000   Data           4  system_m261.o(.data.CyclesPerUs)
    PllClock                                 0x20000004   Data           4  system_m261.o(.data.PllClock)
    SystemCoreClock                          0x20000008   Data           4  system_m261.o(.data.SystemCoreClock)
    __stdout                                 0x20000010   Data          84  retarget.o(.bss.__stdout)
    __initial_sp                             0x20000868   Data           0  startup_m261.o(STACK)



==============================================================================

Memory Map of the image

  Image Entry point : 0x000001ed

  Load Region LR_1 (Base: 0x00000000, Size: 0x00001c68, Max: 0xffffffff, ABSOLUTE)

    Execution Region ER_RO (Exec base: 0x00000000, Load base: 0x00000000, Size: 0x00001c5c, Max: 0xffffffff, ABSOLUTE)

    Exec Addr    Load Addr    Size         Type   Attr      Idx    E Section Name        Object

    0x00000000   0x00000000   0x000001d8   Data   RO           18    RESET               startup_m261.o
    0x000001d8   0x000001d8   0x00000000   Code   RO          255  * .ARM.Collect$$$$00000000  mc_p.l(entry.o)
    0x000001d8   0x000001d8   0x00000004   Code   RO          284    .ARM.Collect$$$$00000001  mc_p.l(entry2.o)
    0x000001dc   0x000001dc   0x00000004   Code   RO          287    .ARM.Collect$$$$00000004  mc_p.l(entry5.o)
    0x000001e0   0x000001e0   0x00000000   Code   RO          289    .ARM.Collect$$$$00000008  mc_p.l(entry7b.o)
    0x000001e0   0x000001e0   0x00000000   Code   RO          291    .ARM.Collect$$$$0000000A  mc_p.l(entry8b.o)
    0x000001e0   0x000001e0   0x00000008   Code   RO          292    .ARM.Collect$$$$0000000B  mc_p.l(entry9a.o)
    0x000001e8   0x000001e8   0x00000000   Code   RO          294    .ARM.Collect$$$$0000000D  mc_p.l(entry10a.o)
    0x000001e8   0x000001e8   0x00000000   Code   RO          296    .ARM.Collect$$$$0000000F  mc_p.l(entry11a.o)
    0x000001e8   0x000001e8   0x00000004   Code   RO          285    .ARM.Collect$$$$00002712  mc_p.l(entry2.o)
    0x000001ec   0x000001ec   0x00000044   Code   RO           19  * .text               startup_m261.o
    0x00000230   0x00000230   0x00000060   Code   RO          302    .text               mc_p.l(uldiv.o)
    0x00000290   0x00000290   0x00000000   Code   RO          304    .text               mc_p.l(iusefp.o)
    0x00000290   0x00000290   0x00000164   Code   RO          305    .text               mf_p.l(dadd.o)
    0x000003f4   0x000003f4   0x000000d0   Code   RO          307    .text               mf_p.l(dmul.o)
    0x000004c4   0x000004c4   0x000000f0   Code   RO          309    .text               mf_p.l(ddiv.o)
    0x000005b4   0x000005b4   0x00000040   Code   RO          311    .text               mf_p.l(dfixul.o)
    0x000005f4   0x000005f4   0x00000028   Code   RO          313    .text               mf_p.l(cdrcmple.o)
    0x0000061c   0x0000061c   0x00000024   Code   RO          315    .text               mc_p.l(init.o)
    0x00000640   0x00000640   0x0000003e   Code   RO          319    .text               mc_p.l(uidiv_div0.o)
    0x0000067e   0x0000067e   0x00000020   Code   RO          325    .text               mc_p.l(llshl.o)
    0x0000069e   0x0000069e   0x00000022   Code   RO          327    .text               mc_p.l(llushr.o)
    0x000006c0   0x000006c0   0x00000026   Code   RO          329    .text               mc_p.l(llsshr.o)
    0x000006e6   0x000006e6   0x000000be   Code   RO          331    .text               mf_p.l(depilogue.o)
    0x000007a4   0x000007a4   0x00000038   Code   RO          172    .text.CLK_EnableModuleClock  clk.o
    0x000007dc   0x000007dc   0x00000014   Code   RO          168    .text.CLK_EnableXtalRC  clk.o
    0x000007f0   0x000007f0   0x00000164   Code   RO          154    .text.CLK_GetCPUFreq  clk.o
    0x00000954   0x00000954   0x00000054   Code   RO          194    .text.CLK_GetModuleClockDivider  clk.o
    0x000009a8   0x000009a8   0x000000d0   Code   RO          192    .text.CLK_GetModuleClockSource  clk.o
    0x00000a78   0x00000a78   0x000000a4   Code   RO          190    .text.CLK_GetPLLClockFreq  clk.o
    0x00000b1c   0x00000b1c   0x00000090   Code   RO          162    .text.CLK_SetHCLK   clk.o
    0x00000bac   0x00000bac   0x000000a4   Code   RO          164    .text.CLK_SetModuleClock  clk.o
    0x00000c50   0x00000c50   0x00000078   Code   RO           36    .text.CLK_SysTickLongDelay  main.o
    0x00000cc8   0x00000cc8   0x0000003c   Code   RO          158    .text.CLK_WaitClockReady  clk.o
    0x00000d04   0x00000d04   0x0000004a   Code   RO           47    .text.GPIO_SetMode  gpio.o
    0x00000d4e   0x00000d4e   0x00000002   PAD
    0x00000d50   0x00000d50   0x00000050   Code   RO           64    .text.ProcessHardFault  retarget.o
    0x00000da0   0x00000da0   0x0000000e   Code   RO           66    .text.SH_Return     retarget.o
    0x00000dae   0x00000dae   0x00000002   PAD
    0x00000db0   0x00000db0   0x000000c8   Code   RO           26    .text.SYS_Init      main.o
    0x00000e78   0x00000e78   0x00000008   Code   RO           34    .text.SYS_LockReg   main.o
    0x00000e80   0x00000e80   0x00000050   Code   RO          220    .text.SYS_ResetModule  sys.o
    0x00000ed0   0x00000ed0   0x00000038   Code   RO           32    .text.SYS_UnlockReg  main.o
    0x00000f08   0x00000f08   0x00000010   Code   RO           70    .text.SendChar      retarget.o
    0x00000f18   0x00000f18   0x00000044   Code   RO           68    .text.SendChar_ToUART  retarget.o
    0x00000f5c   0x00000f5c   0x00000038   Code   RO            2    .text.SystemCoreClockUpdate  system_m261.o
    0x00000f94   0x00000f94   0x00000010   Code   RO            4    .text.SystemInit    system_m261.o
    0x00000fa4   0x00000fa4   0x00000018   Code   RO           28    .text.UART0_Init    main.o
    0x00000fbc   0x00000fbc   0x000001a8   Code   RO          112    .text.UART_Open     uart.o
    0x00001164   0x00001164   0x00000014   Code   RO           80    .text.fputc         retarget.o
    0x00001178   0x00001178   0x000000b0   Code   RO           30    .text.main          main.o
    0x00001228   0x00001228   0x00000020   Code   RO          257    i.__0printf         mc_p.l(printfa.o)
    0x00001248   0x00001248   0x0000002e   Code   RO          333    i.__ARM_clz         mf_p.l(depilogue.o)
    0x00001276   0x00001276   0x0000000e   Code   RO          337    i.__scatterload_copy  mc_p.l(handlers.o)
    0x00001284   0x00001284   0x00000002   Code   RO          338    i.__scatterload_null  mc_p.l(handlers.o)
    0x00001286   0x00001286   0x0000000e   Code   RO          339    i.__scatterload_zeroinit  mc_p.l(handlers.o)
    0x00001294   0x00001294   0x00000174   Code   RO          264    i._fp_digits        mc_p.l(printfa.o)
    0x00001408   0x00001408   0x000006ec   Code   RO          265    i._printf_core      mc_p.l(printfa.o)
    0x00001af4   0x00001af4   0x00000020   Code   RO          266    i._printf_post_padding  mc_p.l(printfa.o)
    0x00001b14   0x00001b14   0x0000002c   Code   RO          267    i._printf_pre_padding  mc_p.l(printfa.o)
    0x00001b40   0x00001b40   0x00000020   Data   RO          196    .rodata.cst32       clk.o
    0x00001b60   0x00001b60   0x000000cd   Data   RO           38    .rodata.str1.1      main.o
    0x00001c2d   0x00001c2d   0x0000000f   Data   RO           86    .rodata.str1.1      retarget.o
    0x00001c3c   0x00001c3c   0x00000020   Data   RO          336    Region$$Table       anon$$obj.o


    Execution Region ER_RW (Exec base: 0x20000000, Load base: 0x00001c5c, Size: 0x0000000c, Max: 0xffffffff, ABSOLUTE)

    Exec Addr    Load Addr    Size         Type   Attr      Idx    E Section Name        Object

    0x20000000   0x00001c5c   0x00000004   Data   RW            7    .data.CyclesPerUs   system_m261.o
    0x20000004   0x00001c60   0x00000004   Data   RW            8    .data.PllClock      system_m261.o
    0x20000008   0x00001c64   0x00000004   Data   RW            6    .data.SystemCoreClock  system_m261.o


    Execution Region ER_ZI (Exec base: 0x20000010, Load base: 0x00001c68, Size: 0x00000858, Max: 0xffffffff, ABSOLUTE)

    Exec Addr    Load Addr    Size         Type   Attr      Idx    E Section Name        Object

    0x20000010        -       0x00000054   Zero   RW           87    .bss.__stdout       retarget.o
    0x20000064   0x00001c68   0x00000004   PAD
    0x20000068        -       0x00000800   Zero   RW           16    STACK               startup_m261.o


==============================================================================

Image component sizes


      Code (inc. data)   RO Data    RW Data    ZI Data      Debug   Object Name

      1256         88         32          0          0      11629   clk.o
        74          0          0          0          0       2041   gpio.o
       584         84        205          0          0       4946   main.o
       198          8         15          0         84       2928   retarget.o
        68         20        472          0       2048        820   startup_m261.o
        80          8          0          0          0       4515   sys.o
        72         24          0         12          0       1275   system_m261.o
       424         56          0          0          0       7458   uart.o

    ----------------------------------------------------------------------
      2760        288        756         12       2136      35612   Object Totals
         0          0         32          0          0          0   (incl. Generated)
         4          0          0          0          4          0   (incl. Padding)

    ----------------------------------------------------------------------

      Code (inc. data)   RO Data    RW Data    ZI Data      Debug   Library Member Name

         0          0          0          0          0          0   entry.o
         0          0          0          0          0          0   entry10a.o
         0          0          0          0          0          0   entry11a.o
         8          4          0          0          0          0   entry2.o
         4          0          0          0          0          0   entry5.o
         0          0          0          0          0          0   entry7b.o
         0          0          0          0          0          0   entry8b.o
         8          4          0          0          0          0   entry9a.o
        30          0          0          0          0          0   handlers.o
        36          8          0          0          0         68   init.o
         0          0          0          0          0          0   iusefp.o
        32          0          0          0          0         68   llshl.o
        38          0          0          0          0         68   llsshr.o
        34          0          0          0          0         68   llushr.o
      2252         98          0          0          0        412   printfa.o
        62          0          0          0          0         72   uidiv_div0.o
        96          0          0          0          0         84   uldiv.o
        40          2          0          0          0         68   cdrcmple.o
       356          4          0          0          0        140   dadd.o
       240          6          0          0          0         84   ddiv.o
       236          0          0          0          0        216   depilogue.o
        64         10          0          0          0         68   dfixul.o
       208          6          0          0          0         88   dmul.o

    ----------------------------------------------------------------------
      3744        142          0          0          0       1504   Library Totals
         0          0          0          0          0          0   (incl. Padding)

    ----------------------------------------------------------------------

      Code (inc. data)   RO Data    RW Data    ZI Data      Debug   Library Name

      2600        114          0          0          0        840   mc_p.l
      1144         28          0          0          0        664   mf_p.l

    ----------------------------------------------------------------------
      3744        142          0          0          0       1504   Library Totals

    ----------------------------------------------------------------------

==============================================================================


      Code (inc. data)   RO Data    RW Data    ZI Data      Debug   

      6504        430        756         12       2136      36436   Grand Totals
      6504        430        756         12       2136      36436   ELF Image Totals
      6504        430        756         12          0          0   ROM Totals

==============================================================================

    Total RO  Size (Code + RO Data)                 7260 (   7.09kB)
    Total RW  Size (RW Data + ZI Data)              2148 (   2.10kB)
    Total ROM Size (Code + RO Data + RW Data)       7272 (   7.10kB)

==============================================================================

