<html>
<body>
<pre>
<h1>µVision Build Log</h1>
<h2>Tool Versions:</h2>
IDE-Version: µVision V5.38.0.0
Copyright (C) 2022 ARM Ltd and ARM Germany GmbH. All rights reserved.
License Information: Ozgur Deniz Meric, Assan Elektronik, LIC=----
 
Tool Versions:
Toolchain:       MDK-Lite  Version: 5.38.0.0
Toolchain Path:  C:\Keil_v5\ARM\ARMCLANG\Bin
C Compiler:      ArmClang.exe V6.19
Assembler:       Armasm.exe V6.19
Linker/Locator:  ArmLink.exe V6.19
Library Manager: ArmAr.exe V6.19
Hex Converter:   FromElf.exe V6.19
CPU DLL:         
Dialog DLL:      
Target DLL:      NULink\Nu_Link.dll V3.14
Dialog DLL:      TCM.DLL V1.56.4.0
 
<h2>Project:</h2>
D:\GitHub\Nuvoton\x projesi\GPIO_LEDBlink\Keil\GPIO_OutputInput.uvprojx
Project File Date:  10/31/2024

<h2>Output:</h2>
*** Using Compiler 'V6.19', folder: 'C:\Keil_v5\ARM\ARMCLANG\Bin'
Rebuild target 'GPIO_OutputInput'
assembling startup_M261.s...
creating preprocessor file for main.c...
creating preprocessor file for gpio.c...
creating preprocessor file for system_M261.c...
compiling system_M261.c...
compiling main.c...
compiling gpio.c...
creating preprocessor file for retarget.c...
creating preprocessor file for uart.c...
creating preprocessor file for clk.c...
compiling retarget.c...
creating preprocessor file for sys.c...
compiling uart.c...
creating preprocessor file for ads8353.c...
compiling ads8353.c...
compiling clk.c...
compiling sys.c...
linking...
Program Size: Code=6504 RO-data=756 RW-data=12 ZI-data=2136  
After Build - User command #1: fromelf --bin ".\obj\GPIO_OutputInput.axf" --output ".\obj\GPIO_OutputInput.bin"
After Build - User command #2: fromelf --text -c ".\obj\GPIO_OutputInput.axf" --output ".\obj\GPIO_OutputInput.txt"
".\obj\GPIO_OutputInput.axf" - 0 Error(s), 0 Warning(s).

<h2>Software Packages used:</h2>

Package Vendor: Nuvoton
                https://github.com/OpenNuvoton/cmsis-packs/raw/master/Nuvoton_DFP/Nuvoton.NuMicro_DFP.1.3.22.pack
                Nuvoton.NuMicro_DFP.1.3.22
                Nuvoton ARM Cortex-M NuMicro Family Device Support

<h2>Collection of Component include folders:</h2>
  C:/Users/deniz/AppData/Local/Arm/Packs/Nuvoton/NuMicro_DFP/1.3.22/Device/M261/Include

<h2>Collection of Component Files used:</h2>
Build Time Elapsed:  00:00:02
</pre>
</body>
</html>
